---
source: quil-rs/src/program/calibration.rs
expression: calibrated_program.to_quil_or_debug()
---
DEFCAL RZ(%theta) q:
	SHIFT-PHASE q "rf" -%theta
SHIFT-PHASE 0 "rf" -pi

