---
source: quil-rs/src/program/calibration.rs
expression: calibrated_program.to_quil_or_debug()
---
DEFCAL MEASURE 0:
	PRAGMA CORRECT

DEFCAL MEASURE q:
	PRAGMA INCORRECT_PRECEDENCE

PRAGMA CORRECT
