---
source: quil-rs/src/instruction/declaration.rs
expression: declaration.to_string()
---
DECLARE ro REAL[3] SHARING bar OFFSET 4 BIT 5 BIT
