---
source: quil-rs/src/instruction/calibration.rs
expression: measure_cal_def.to_quil_or_debug()
---
DEFCAL MEASURE!midcircuit 0:
	X(pi) 0
