---
source: quil-rs/src/instruction/declaration.rs
expression: test_name
---
Shared Declaration with Offset
