---
source: src/program/latex/mod.rs
assertion_line: 473
expression: "r\"\\\\\""
---
\\
