---
source: src/program/latex/mod.rs
assertion_line: 903
expression: "r#\"\\phase{\\pi}\"#"
---
\phase{\pi}
