---
source: quil-rs/src/waveform/templates.rs
expression: res
---
  0.40 ┤         ╭──────────────────────────────────────────────────────────────────────────────────────────╮         
  0.37 ┤       ╭─╯                                                                                          ╰─╮       
  0.33 ┤       │                                                                                              │       
  0.30 ┤      ╭╯                                                                                              ╰╮      
  0.26 ┤      │                                                                                                │      
  0.23 ┤     ╭╯                                                                                                ╰╮     
  0.19 ┤     │                                                                                                  │     
  0.16 ┤     │                                                                                                  ╰╮    
  0.13 ┤    ╭╯                                                                                                   │    
  0.09 ┤    │                                                                                                    │    
  0.06 ┤   ╭╯                                                                                                    ╰╮   
  0.02 ┤  ╭╯                                                                                                      ╰╮  
 -0.01 ┼──╮                                                                                                        ╭─ 
 -0.05 ┤  ╰╮                                                                                                      ╭╯  
 -0.08 ┤   ╰╮                                                                                                    ╭╯   
 -0.12 ┤    ╰╮                                                                                                  ╭╯    
 -0.15 ┤     │                                                                                                  │     
 -0.19 ┤     ╰╮                                                                                                ╭╯     
 -0.22 ┤      │                                                                                                │      
 -0.26 ┤      ╰╮                                                                                              ╭╯      
 -0.29 ┤       ╰──────────────────────────────────────────────────────────────────────────────────────────────╯
