---
source: quil-rs/src/waveform/templates.rs
expression: res
---
  0.00 ┼───────────────────────────────────────────────────────────────────────────────────────────────────────────── 
 -0.02 ┤    ╰───────╮                                                                                    ╭───────╯    
 -0.05 ┤            ╰───╮                                                                            ╭───╯            
 -0.07 ┤                ╰───╮                                                                    ╭───╯                
 -0.10 ┤                    ╰─╮                                                                ╭─╯                    
 -0.12 ┤                      ╰─╮                                                            ╭─╯                      
 -0.15 ┤                        ╰──╮                                                       ╭─╯                        
 -0.17 ┤                           ╰╮                                                    ╭─╯                          
 -0.20 ┤                            ╰─╮                                                ╭─╯                            
 -0.22 ┤                              ╰─╮                                            ╭─╯                              
 -0.25 ┤                                ╰╮                                          ╭╯                                
 -0.27 ┤                                 ╰─╮                                      ╭─╯                                 
 -0.30 ┤                                   ╰╮                                    ╭╯                                   
 -0.32 ┤                                    ╰─╮                                ╭─╯                                    
 -0.35 ┤                                      ╰─╮                             ╭╯                                      
 -0.37 ┤                                        ╰╮                          ╭─╯                                       
 -0.40 ┤                                         ╰─╮                      ╭─╯                                         
 -0.42 ┤                                           ╰─╮                  ╭─╯                                           
 -0.45 ┤                                             ╰─╮              ╭─╯                                             
 -0.47 ┤                                               ╰──╮        ╭──╯                                               
 -0.50 ┤                                                  ╰────────╯
