---
source: quil-rs/src/waveform/templates.rs
expression: neat_iq_values
---
0+0i
0+0i
0+0i
0+0i
0+0i
0+0i
0+0i
0+0i
0+0i
0+0i
0+0i
0+0i
0+0i
0+0i
0+0i
0+0i
0+0i
0+0i
0+0i
0+0i
0+0i
0+0i
0+0i
0+0i
0+0i
0+0i
0+0i
0+0i
0+0i
0+0i
0+0i
0+0i
0+0i
0+0i
0+0i
0+0i
0+0i
0+0i
0+0i
0+0i
0+0i
0+0i
0+0i
0+0i
0+0i
0+0i
0+0i
0+0i
0+0i
0+0i
0+0i
0+0i
0+0i
0+0i
0+0i
0+0i
0+0i
0+0i
0+0i
0+0i
0+0i
0+0i
0+0i
0+0i
0+0i
0+0i
0+0i
0+0i
0+0i
0+0i
0+0i
0+0i
0+0i
0+0i
0+0i
0+0i
0+0i
0+0i
0+0i
0+0i
0+0i
0+0i
0+0i
0+0i
0+0i
0+0i
0+0i
0+0i
0+0i
0+0i
0+0i
0+0i
0+0i
0+0i
0+0i
0+0i
0+0i
0+0i
0+0i
0+0i
