---
source: quil-rs/src/program/scheduling/graph.rs
expression: dot_format
---
digraph {
  entry -> "block_0_start";
  entry [label="Entry Point"];
  subgraph cluster_0 {
    label="block_0";
    node [style="filled"];
    "block_0_start" [shape=circle, label="start"];
    "block_0_start" -> "block_0_0" [label="ordering"];
    "block_0_0" [shape=rectangle, label="[0] ADD params1[0] 1"];
    "block_0_0" -> "block_0_1" [label="await write"];
    "block_0_1" [shape=rectangle, label="[1] MUL params1[0] 2"];
    "block_0_1" -> "block_0_end" [label="ordering"];
    "block_0_end" [shape=circle, label="end"];
  }
}
